[iamnex.com/landing.html]
[backblue.gif]
[fade.gif]
[index.html]
[stcdn.leadconnectorhq.com/_preview/entry.B6Xdw9XE.css]
[stcdn.leadconnectorhq.com/_preview/DWhs1w94.js]
[stcdn.leadconnectorhq.com/_preview/C-wqRESd.js]
[stcdn.leadconnectorhq.com/_preview/goK2w_rD.js]
[stcdn.leadconnectorhq.com/_preview/Cx1nIMJb.js]
[storage.googleapis.com/msgsndr/YqGU2xiahflUfKWb3pGP/media/69310c6de0f0924bdf7d170b.png]
[storage.googleapis.com/msgsndr/YqGU2xiahflUfKWb3pGP/media/693e6af696e75365718f1b9d.png]
[storage.googleapis.com/msgsndr/YqGU2xiahflUfKWb3pGP/media/6918e2ecb313f215c462fb1d.png]
[iamnex.com/howitworks.html]
[iamnex.com/subscribe.html]
[iamnex.com/faq.html]
[storage.googleapis.com/msgsndr/YqGU2xiahflUfKWb3pGP/media/691b67853f8277b223edeb7a.png]
[storage.googleapis.com/msgsndr/YqGU2xiahflUfKWb3pGP/media/691b67858753b6fd76bdf739.png]
[storage.googleapis.com/msgsndr/YqGU2xiahflUfKWb3pGP/media/691b6785379d23e3ce71df78.png]
[storage.googleapis.com/msgsndr/YqGU2xiahflUfKWb3pGP/media/691934b6bd0a6c942af50b8b.png]
[iamnex.com/landing.html]
[stcdn.leadconnectorhq.com/_preview/entry.B6Xdw9XE.css]
[stcdn.leadconnectorhq.com/intl-tel-input/17.0.12/img/flags.png]
[stcdn.leadconnectorhq.com/_preview/O0yfWxyD.js]
[stcdn.leadconnectorhq.com/_preview/B6Aq9bsX.js]
[stcdn.leadconnectorhq.com/_preview/D3yvOIPB.js]
[stcdn.leadconnectorhq.com/_preview/B5McKQB_.js]
[iamnex.com/howitworks.html]
[iamnex.com/subscribe.html]
[iamnex.com/faq.html]
